
=== Sat Jan 25 18:52:23 2020

Packages were changed.
Update Mode: updateDependencies

The following packages were added:
  com.unity.collab-proxy@1.2.15
The following packages were updated:
  com.unity.analytics from version 2.0.16 to 3.2.2
  com.unity.package-manager-ui from version 1.9.11 to 2.0.8
  com.unity.textmeshpro from version 1.2.4 to 1.4.1

=== Mon Aug 17 21:51:49 2026

Packages were changed.
Update Mode: updateDependencies

The following packages were added:
  com.unity.2d.sprite@1.0.0
  com.unity.2d.tilemap@1.0.0
  com.unity.ide.rider@3.0.40
  com.unity.ide.visualstudio@2.0.26
  com.unity.modules.adaptiveperformance@1.0.0
  com.unity.modules.androidjni@1.0.0
  com.unity.modules.vectorgraphics@1.0.0
  com.unity.test-framework@1.6.0
  com.unity.timeline@1.8.12
  com.unity.ugui@2.0.0
  com.unity.xr.legacyinputhelpers@2.1.13
  com.unity.ai.navigation@2.0.14
  com.unity.modules.accessibility@1.0.0
  com.unity.multiplayer.center@1.0.1
The following packages were updated:
  com.unity.ads from version 2.0.8 to 4.19.0
  com.unity.analytics from version 3.2.2 to 3.8.2
  com.unity.collab-proxy from version 1.2.15 to 2.12.4
  com.unity.purchasing from version 2.0.3 to 4.15.1
The following packages were removed:
  com.unity.package-manager-ui@2.0.8
  com.unity.textmeshpro@1.4.1

=== Tue Aug 18 09:26:31 2026

Packages were changed.
Update Mode: updateDependencies

The following packages were updated:
  com.unity.ugui from version 1.0.0 to 2.0.0
